OS     HOST     compilier  version   mpi-type  mpi-ver             O/g  unit-pass  unit-fail  sys-pass  sys-fail  ex-pass   ex-fail  nuopc-p  nuopc-f
Linux  acorn    gfortran   10.3.0    mpich3    8.1.7               O    tests      not        tests     not       examples  0        50
Linux  acorn    gfortran   10.3.0    mpich3    8.1.7               g    tests      not        tests     not       examples  0        50
Linux  acorn    intel      2019.3    mpi       8.1.7               O    8917       0          49        0         80        0        50       0
Linux  acorn    intel      2019.3    mpi       8.1.7               g    8917       0          49        0         80        0        50       0
Linux  chianti  gfortran   9.3.0     openmpi   4.0.5-gcc-9.3.0     O    -1         -1         -1        -1        -1
Linux  chianti  intel      2021.2    intelmpi  2021.2.0-gcc-9.3.0  O    8917       0          49        0         80        0        44       6
Linux  jet      gfortran   9.2.0     openmpi   3.1.4               O    -1         -1         -1        -1        -1
Linux  jet      gfortran   9.2.0     openmpi   3.1.4               g    -1         -1         -1        -1        -1
Linux  jet      intel      2020.2    intelmpi  2020.2              O    -1         -1         -1        -1        -1
Linux  jet      intel      2020.2    intelmpi  2020.2              g    -1         -1         -1        -1        -1
Linux  jet      intel      2020.2    mvapich2  2.3                 O    -1         -1         -1        -1        -1
Linux  jet      intel      2020.2    mvapich2  2.3                 g    -1         -1         -1        -1        -1
Linux  s4       intel      2019.0.5  intelmpi  19.0.5              O    8916       1          49        0         80        0        0        0
Linux  s4       intel      2019.0.5  intelmpi  19.0.5              g    8916       1          49        0         80        0        0        0
