OS      HOST  compilier  version  mpi-type  mpi-ver  O/g  unit-pass  unit-fail  sys-pass  sys-fail  ex-pass  ex-fail  nuopc-p  nuopc-f
Unicos  gaea  gfortran   8.3.0    mpi       7.7.11   O    -1         -1         -1        -1        -1
Unicos  gaea  gfortran   8.3.0    mpiuni    none     O    -1         -1         -1        -1        -1
Unicos  gaea  gfortran   8.3.0    mpiuni    none     g    -1         -1         -1        -1        -1
Linux   jet   gfortran   9.2.0    openmpi   3.1.4    O    -1         -1         -1        -1        -1
Linux   jet   gfortran   9.2.0    openmpi   3.1.4    g    -1         -1         -1        -1        -1
Linux   jet   intel      2020.2   intelmpi  2020.2   O    -1         -1         -1        -1        -1
Linux   jet   intel      2020.2   intelmpi  2020.2   g    -1         -1         -1        -1        -1
Linux   jet   intel      2020.2   mvapich2  2.3      O    -1         -1         -1        -1        -1
Linux   jet   intel      2020.2   mvapich2  2.3      g    -1         -1         -1        -1        -1
