HOST     compilier  version  mpi-type  mpi-ver       O/g  unit-pass  unit-fail  sys-pass  sys-fail  ex-pass   ex-fail
acorn    gfortran   10.2.0   mpich3    8.1.4         O    8910       0          48        0         79        0
acorn    gfortran   10.2.0   mpich3    8.1.4         g    8910       0          48        0         79        0
acorn    intel      2019.3   mpi       8.1.4         O    8910       0          48        0         79        0
acorn    intel      2019.3   mpi       8.1.4         g    8910       0          48        0         79        0
catania  gfortran   9.3.0    mpich3    3.3.2-custom  g    638        8272       0         48        0         79
catania  gfortran   9.3.0    mpiuni    none          O    737        6663       0         8         0         43
catania  gfortran   9.3.0    mpiuni    none          g    732        6668       0         8         0         43
catania  gfortran   9.3.0    openmpi   4.1.0         g    tests      not        tests     not       examples
gaea     gfortran   8.3.0    mpiuni    none          g    tests      not        tests     not       examples
jet      gfortran   9.2.0    openmpi   3.1.4         O    8910       0          48        0         79        0
jet      gfortran   9.2.0    openmpi   3.1.4         g    8910       0          48        0         79        0
